(fun (con integer) (all a_46 (type) (fun a_46 a_46)))