(fun (con integer) [ Maybe_9 (all a_29 (type) (fun a_29 a_29)) ])