[
  (lam eta (con integer) [ [ AddInteger (con integer 4) ] eta ]) (con integer 5)
]