letFunInFunMultiFullyApplied:23:6:
   |
23 |     (termbind
   |      ^^^^^^^
unexpected "termbin"
expecting "abs", "builtin", "con", "error", "iwrap", "lam", "let", or "unwrap"
