[ (lam eta (con integer) (lam x (con integer) x)) (con integer 3) ]