(let
  (nonrec)
  (termbind
    (strict) (vardecl idFun (all a (type) (fun a a))) (abs a (type) (lam x a x))
  )
  [
    [ (lam y (fun (con integer) (con integer)) idFun) { idFun (con integer) } ]
    (con integer 1)
  ]
)