[
  [
    (lam
      eta (con integer) (lam eta (con integer) [ (lam x (con integer) x) eta ])
    )
    (con integer 5)
  ]
  (con integer 6)
]