(program
  (let
    (nonrec)
    (termbind
      (strict)
      (vardecl idFun (fun (con integer) (con integer)))
      (lam y (con integer) y)
    )
    (termbind
      (strict)
      (vardecl
        funApp
        (fun
          (fun (con integer) (con integer)) (fun (con integer) (con integer))
        )
      )
      (lam
        x
        (fun (con integer) (con integer))
        (idFun)
      )
    )
    (termbind
      (strict)
      (vardecl
        k
        (fun
          (fun (con integer) (con integer)) (fun (con integer) (con integer))
        )
      )
      (funApp)
      )
    )
    [ [ k idFun ] (con integer 6) ]
  )
)